0 verbose cli /home/silvayanbraga/.nvm/versions/node/v24.11.0/bin/node /home/silvayanbraga/.nvm/versions/node/v24.11.0/lib/node_modules/npm/bin/npm-cli.js
1 info using npm@11.6.1
2 info using node@v24.11.0
3 silly config load:file:/home/silvayanbraga/.nvm/versions/node/v24.11.0/lib/node_modules/npm/npmrc
4 silly config load:file:/mnt/c/Users/Yanbd/dev/-Wiki-Yan/.npmrc
5 silly config load:file:/home/silvayanbraga/.npmrc
6 silly config load:file:/home/silvayanbraga/.nvm/versions/node/v24.11.0/etc/npmrc
7 verbose title npm exec quartz build
8 verbose argv "exec" "--" "quartz" "build"
9 verbose logfile logs-max:10 dir:/mnt/c/Users/Yanbd/dev/-Wiki-Yan/.npm-cache/_logs/2025-11-29T23_24_24_679Z-
10 verbose logfile /mnt/c/Users/Yanbd/dev/-Wiki-Yan/.npm-cache/_logs/2025-11-29T23_24_24_679Z-debug-0.log
11 silly logfile done cleaning log files
12 http fetch GET https://registry.npmjs.org/npm attempt 1 failed with EAI_AGAIN
13 silly packumentCache heap:4496293888 maxSize:1124073472 maxEntrySize:562036736
14 silly packumentCache heap:4496293888 maxSize:1124073472 maxEntrySize:562036736
15 silly idealTree buildDeps
16 silly placeDep ROOT @jackyzha0/quartz@4.4.0 OK for:  want: file:../../..
17 silly reify moves {}
18 silly audit bulk request { '@jackyzha0/quartz': [ '4.4.0' ] }
19 verbose audit error FetchError: request to https://registry.npmjs.org/-/npm/v1/security/advisories/bulk failed, reason: getaddrinfo EAI_AGAIN registry.npmjs.org
19 verbose audit error     at ClientRequest.<anonymous> (/home/silvayanbraga/.nvm/versions/node/v24.11.0/lib/node_modules/npm/node_modules/minipass-fetch/lib/index.js:130:14)
19 verbose audit error     at ClientRequest.emit (node:events:508:28)
19 verbose audit error     at emitErrorEvent (node:_http_client:107:11)
19 verbose audit error     at _destroy (node:_http_client:954:9)
19 verbose audit error     at onSocketNT (node:_http_client:974:5)
19 verbose audit error     at process.processTicksAndRejections (node:internal/process/task_queues:91:21) {
19 verbose audit error   code: 'EAI_AGAIN',
19 verbose audit error   errno: 'EAI_AGAIN',
19 verbose audit error   syscall: 'getaddrinfo',
19 verbose audit error   hostname: 'registry.npmjs.org',
19 verbose audit error   type: 'system'
19 verbose audit error }
20 silly audit error undefined
21 silly audit report null
22 http fetch GET https://registry.npmjs.org/npm attempt 2 failed with EAI_AGAIN
23 http fetch GET https://registry.npmjs.org/npm attempt 3 failed with EAI_AGAIN
24 verbose cwd /mnt/c/Users/Yanbd/dev/-Wiki-Yan
25 verbose os Linux 6.6.87.2-microsoft-standard-WSL2
26 verbose node v24.11.0
27 verbose npm  v11.6.1
28 verbose exit 0
29 info ok
